2023-10-14 12:34:56 INFO User logged in
2023-10-14 12:35:00 ERROR Failed to connect to database
2023-10-14 12:36:12 INFO User logged out
